mode: set
dungeoneer/levels/door_density.go:10.51,17.2 1 1
dungeoneer/levels/door_density.go:19.68,21.117 1 1
dungeoneer/levels/door_density.go:21.117,23.3 1 1
dungeoneer/levels/door_density.go:24.2,24.32 1 1
dungeoneer/levels/door_density.go:24.32,26.3 1 0
dungeoneer/levels/door_density.go:27.2,27.32 1 1
dungeoneer/levels/door_density.go:27.32,29.3 1 0
dungeoneer/levels/door_density.go:30.2,30.28 1 1
dungeoneer/levels/door_density.go:30.28,32.3 1 0
dungeoneer/levels/door_density.go:33.2,33.28 1 1
dungeoneer/levels/door_density.go:33.28,35.3 1 0
dungeoneer/levels/door_density.go:36.2,36.30 1 1
dungeoneer/levels/door_density.go:36.30,38.3 1 0
dungeoneer/levels/door_density.go:39.2,39.29 1 1
dungeoneer/levels/door_density.go:39.29,41.3 1 0
dungeoneer/levels/door_density.go:42.2,42.12 1 1
dungeoneer/levels/generate64.go:50.40,51.18 1 1
dungeoneer/levels/generate64.go:51.18,53.3 1 1
dungeoneer/levels/generate64.go:54.2,54.19 1 1
dungeoneer/levels/generate64.go:54.19,56.3 1 1
dungeoneer/levels/generate64.go:57.2,57.25 1 1
dungeoneer/levels/generate64.go:57.25,59.3 1 1
dungeoneer/levels/generate64.go:60.2,60.25 1 1
dungeoneer/levels/generate64.go:60.25,62.3 1 1
dungeoneer/levels/generate64.go:63.2,63.37 1 1
dungeoneer/levels/generate64.go:63.37,65.3 1 1
dungeoneer/levels/generate64.go:67.2,67.25 1 1
dungeoneer/levels/generate64.go:67.25,70.25 3 0
dungeoneer/levels/generate64.go:70.25,72.4 1 0
dungeoneer/levels/generate64.go:73.3,73.38 1 0
dungeoneer/levels/generate64.go:73.38,75.4 1 0
dungeoneer/levels/generate64.go:77.2,77.21 1 1
dungeoneer/levels/generate64.go:77.21,79.3 1 1
dungeoneer/levels/generate64.go:80.2,80.21 1 1
dungeoneer/levels/generate64.go:80.21,82.3 1 1
dungeoneer/levels/generate64.go:83.2,83.29 1 1
dungeoneer/levels/generate64.go:83.29,85.3 1 0
dungeoneer/levels/generate64.go:86.2,86.21 1 1
dungeoneer/levels/generate64.go:86.21,88.3 1 1
dungeoneer/levels/generate64.go:89.2,89.21 1 1
dungeoneer/levels/generate64.go:89.21,91.3 1 1
dungeoneer/levels/generate64.go:92.2,92.29 1 1
dungeoneer/levels/generate64.go:92.29,94.3 1 0
dungeoneer/levels/generate64.go:95.2,95.26 1 1
dungeoneer/levels/generate64.go:95.26,97.3 1 1
dungeoneer/levels/generate64.go:99.2,100.25 2 1
dungeoneer/levels/generate64.go:100.25,102.3 1 0
dungeoneer/levels/generate64.go:103.2,103.27 1 1
dungeoneer/levels/generate64.go:103.27,105.3 1 1
dungeoneer/levels/generate64.go:106.2,106.25 1 1
dungeoneer/levels/generate64.go:106.25,108.3 1 1
dungeoneer/levels/generate64.go:109.2,109.27 1 1
dungeoneer/levels/generate64.go:109.27,111.3 1 1
dungeoneer/levels/generate64.go:112.2,112.27 1 1
dungeoneer/levels/generate64.go:112.27,114.3 1 1
dungeoneer/levels/generate64.go:115.2,115.27 1 1
dungeoneer/levels/generate64.go:115.27,117.3 1 1
dungeoneer/levels/generate64.go:118.2,119.24 2 1
dungeoneer/levels/generate64.go:119.24,121.3 1 1
dungeoneer/levels/generate64.go:122.2,122.25 1 1
dungeoneer/levels/generate64.go:122.25,124.3 1 1
dungeoneer/levels/generate64.go:126.2,133.16 7 1
dungeoneer/levels/generate64.go:133.16,135.3 1 0
dungeoneer/levels/generate64.go:137.2,138.24 2 1
dungeoneer/levels/generate64.go:138.24,140.3 1 1
dungeoneer/levels/generate64.go:141.2,145.26 5 1
dungeoneer/levels/generate64.go:145.26,147.3 1 1
dungeoneer/levels/generate64.go:148.2,149.30 2 1
dungeoneer/levels/generate64.go:149.30,151.3 1 1
dungeoneer/levels/generate64.go:152.2,171.15 15 1
dungeoneer/levels/generate64.go:171.15,178.86 3 1
dungeoneer/levels/generate64.go:178.86,179.23 1 1
dungeoneer/levels/generate64.go:179.23,181.5 1 1
dungeoneer/levels/generate64.go:183.3,183.87 1 1
dungeoneer/levels/generate64.go:183.87,184.24 1 1
dungeoneer/levels/generate64.go:184.24,186.5 1 1
dungeoneer/levels/generate64.go:189.3,189.28 1 1
dungeoneer/levels/generate64.go:189.28,190.29 1 1
dungeoneer/levels/generate64.go:190.29,196.32 2 1
dungeoneer/levels/generate64.go:196.32,199.14 2 0
dungeoneer/levels/generate64.go:201.5,201.21 1 1
dungeoneer/levels/generate64.go:201.21,203.6 1 1
dungeoneer/levels/generate64.go:203.11,203.30 1 1
dungeoneer/levels/generate64.go:203.30,205.6 1 1
dungeoneer/levels/generate64.go:209.2,210.10 2 1
dungeoneer/levels/generate64.go:214.40,216.26 2 1
dungeoneer/levels/generate64.go:216.26,224.3 1 1
dungeoneer/levels/generate64.go:225.2,225.14 1 1
dungeoneer/levels/generate64.go:231.58,233.25 2 1
dungeoneer/levels/generate64.go:233.25,235.3 1 1
dungeoneer/levels/generate64.go:237.2,237.29 1 1
dungeoneer/levels/generate64.go:237.29,238.34 1 1
dungeoneer/levels/generate64.go:238.34,239.35 1 1
dungeoneer/levels/generate64.go:239.35,240.47 1 1
dungeoneer/levels/generate64.go:240.47,242.6 1 1
dungeoneer/levels/generate64.go:247.2,250.27 3 1
dungeoneer/levels/generate64.go:250.27,251.28 1 1
dungeoneer/levels/generate64.go:251.28,252.50 1 1
dungeoneer/levels/generate64.go:252.50,253.13 1 1
dungeoneer/levels/generate64.go:256.4,260.23 5 1
dungeoneer/levels/generate64.go:260.23,264.19 4 1
dungeoneer/levels/generate64.go:264.19,266.6 1 1
dungeoneer/levels/generate64.go:267.5,267.19 1 1
dungeoneer/levels/generate64.go:267.19,269.6 1 0
dungeoneer/levels/generate64.go:270.5,270.19 1 1
dungeoneer/levels/generate64.go:270.19,272.6 1 1
dungeoneer/levels/generate64.go:273.5,273.19 1 1
dungeoneer/levels/generate64.go:273.19,275.6 1 1
dungeoneer/levels/generate64.go:276.5,276.66 1 1
dungeoneer/levels/generate64.go:276.66,278.52 2 1
dungeoneer/levels/generate64.go:278.52,279.15 1 0
dungeoneer/levels/generate64.go:281.6,281.56 1 1
dungeoneer/levels/generate64.go:281.56,282.15 1 1
dungeoneer/levels/generate64.go:284.6,285.48 2 1
dungeoneer/levels/generate64.go:289.4,291.18 3 1
dungeoneer/levels/generate64.go:291.18,300.5 2 1
dungeoneer/levels/generate64.go:303.2,303.16 1 1
dungeoneer/levels/generate64.go:306.68,307.13 1 1
dungeoneer/levels/generate64.go:307.13,309.3 1 1
dungeoneer/levels/generate64.go:310.2,315.47 6 0
dungeoneer/levels/generate64.go:320.60,322.17 2 1
dungeoneer/levels/generate64.go:322.17,324.3 1 0
dungeoneer/levels/generate64.go:325.2,325.19 1 1
dungeoneer/levels/generate64.go:325.19,327.3 1 0
dungeoneer/levels/generate64.go:328.2,328.19 1 1
dungeoneer/levels/generate64.go:328.19,330.3 1 0
dungeoneer/levels/generate64.go:334.2,335.19 2 1
dungeoneer/levels/generate64.go:335.19,337.3 1 1
dungeoneer/levels/generate64.go:339.2,342.18 4 1
dungeoneer/levels/generate64.go:342.18,344.3 1 0
dungeoneer/levels/generate64.go:347.2,352.53 5 1
dungeoneer/levels/generate64.go:352.53,356.10 3 1
dungeoneer/levels/generate64.go:356.10,357.9 1 0
dungeoneer/levels/generate64.go:361.3,367.23 7 1
dungeoneer/levels/generate64.go:367.23,368.12 1 0
dungeoneer/levels/generate64.go:370.3,378.67 5 1
dungeoneer/levels/generate64.go:378.67,382.22 3 1
dungeoneer/levels/generate64.go:382.22,384.75 1 1
dungeoneer/levels/generate64.go:384.75,386.6 1 1
dungeoneer/levels/generate64.go:392.33,394.27 2 1
dungeoneer/levels/generate64.go:394.27,395.28 1 1
dungeoneer/levels/generate64.go:395.28,396.32 1 1
dungeoneer/levels/generate64.go:396.32,398.5 1 1
dungeoneer/levels/generate64.go:401.2,401.39 1 1
dungeoneer/levels/generate64.go:404.59,406.39 2 1
dungeoneer/levels/generate64.go:406.39,407.40 1 1
dungeoneer/levels/generate64.go:407.40,408.32 1 1
dungeoneer/levels/generate64.go:408.32,409.13 1 1
dungeoneer/levels/generate64.go:412.4,413.17 2 1
dungeoneer/levels/generate64.go:413.17,415.5 1 1
dungeoneer/levels/generate64.go:418.2,418.15 1 1
dungeoneer/levels/generate64.go:418.15,420.3 1 0
dungeoneer/levels/generate64.go:421.2,421.21 1 1
dungeoneer/levels/generate64.go:424.58,428.31 4 1
dungeoneer/levels/generate64.go:428.31,429.32 1 1
dungeoneer/levels/generate64.go:429.32,430.34 1 1
dungeoneer/levels/generate64.go:430.34,432.17 2 1
dungeoneer/levels/generate64.go:432.17,434.6 1 1
dungeoneer/levels/generate64.go:438.2,438.19 1 1
dungeoneer/levels/generate64.go:438.19,440.3 1 1
dungeoneer/levels/generate64.go:441.2,441.13 1 1
dungeoneer/levels/generate64.go:446.59,456.31 7 1
dungeoneer/levels/generate64.go:456.31,457.32 1 1
dungeoneer/levels/generate64.go:457.32,458.35 1 1
dungeoneer/levels/generate64.go:458.35,459.13 1 1
dungeoneer/levels/generate64.go:461.4,462.16 2 1
dungeoneer/levels/generate64.go:462.16,465.5 2 1
dungeoneer/levels/generate64.go:469.2,469.11 1 1
dungeoneer/levels/generate64.go:469.11,471.3 1 1
dungeoneer/levels/generate64.go:474.2,475.30 2 0
dungeoneer/levels/generate64.go:475.30,476.31 1 0
dungeoneer/levels/generate64.go:476.31,477.35 1 0
dungeoneer/levels/generate64.go:477.35,478.13 1 0
dungeoneer/levels/generate64.go:480.4,481.16 2 0
dungeoneer/levels/generate64.go:481.16,483.5 1 0
dungeoneer/levels/generate64.go:486.2,486.19 1 0
dungeoneer/levels/generate64.go:486.19,488.3 1 0
dungeoneer/levels/generate64.go:489.2,489.21 1 0
dungeoneer/levels/generate64.go:494.75,499.59 3 1
dungeoneer/levels/generate64.go:499.59,504.24 3 1
dungeoneer/levels/generate64.go:504.24,506.14 1 0
dungeoneer/levels/generate64.go:506.14,509.5 1 0
dungeoneer/levels/generate64.go:509.10,512.5 1 0
dungeoneer/levels/generate64.go:513.9,515.14 1 1
dungeoneer/levels/generate64.go:515.14,518.5 1 0
dungeoneer/levels/generate64.go:518.10,521.5 1 1
dungeoneer/levels/generate64.go:526.2,528.23 3 1
dungeoneer/levels/generate64.go:528.23,530.3 1 1
dungeoneer/levels/generate64.go:530.8,530.30 1 0
dungeoneer/levels/generate64.go:530.30,532.3 1 0
dungeoneer/levels/generate64.go:532.8,532.30 1 0
dungeoneer/levels/generate64.go:532.30,534.3 1 0
dungeoneer/levels/generate64.go:534.8,536.3 1 0
dungeoneer/levels/generate64.go:540.72,548.31 6 1
dungeoneer/levels/generate64.go:548.31,549.32 1 1
dungeoneer/levels/generate64.go:549.32,550.35 1 1
dungeoneer/levels/generate64.go:550.35,551.13 1 1
dungeoneer/levels/generate64.go:553.4,554.16 2 1
dungeoneer/levels/generate64.go:554.16,557.5 2 1
dungeoneer/levels/generate64.go:561.2,561.22 1 1
dungeoneer/levels/generate64.go:564.42,567.44 3 1
dungeoneer/levels/generate64.go:567.44,568.45 1 1
dungeoneer/levels/generate64.go:568.45,570.4 1 1
dungeoneer/levels/generate64.go:574.32,575.12 1 1
dungeoneer/levels/generate64.go:575.12,577.3 1 0
dungeoneer/levels/generate64.go:578.2,578.12 1 1
dungeoneer/levels/generate64.go:578.12,580.3 1 0
dungeoneer/levels/generate64.go:581.2,581.10 1 1
dungeoneer/levels/generate64.go:584.24,585.11 1 1
dungeoneer/levels/generate64.go:585.11,587.3 1 1
dungeoneer/levels/generate64.go:588.2,588.10 1 1
dungeoneer/levels/generate64.go:591.24,592.11 1 1
dungeoneer/levels/generate64.go:592.11,594.3 1 1
dungeoneer/levels/generate64.go:595.2,595.10 1 1
dungeoneer/levels/generate64.go:598.57,602.29 4 1
dungeoneer/levels/generate64.go:602.29,604.26 2 1
dungeoneer/levels/generate64.go:604.26,605.38 1 1
dungeoneer/levels/generate64.go:605.38,607.13 2 1
dungeoneer/levels/generate64.go:609.4,610.17 2 1
dungeoneer/levels/generate64.go:610.17,611.21 1 1
dungeoneer/levels/generate64.go:611.21,613.14 2 0
dungeoneer/levels/generate64.go:615.5,617.21 3 1
dungeoneer/levels/generate64.go:617.21,619.14 2 0
dungeoneer/levels/generate64.go:621.5,624.37 4 1
dungeoneer/levels/generate64.go:625.10,626.21 1 1
dungeoneer/levels/generate64.go:626.21,628.14 2 0
dungeoneer/levels/generate64.go:630.5,632.21 3 1
dungeoneer/levels/generate64.go:632.21,634.14 2 0
dungeoneer/levels/generate64.go:636.5,639.34 4 1
dungeoneer/levels/generate64.go:642.3,642.14 1 1
dungeoneer/levels/generate64.go:644.2,644.13 1 1
dungeoneer/levels/generate64.go:647.77,654.23 7 1
dungeoneer/levels/generate64.go:654.23,655.25 1 1
dungeoneer/levels/generate64.go:655.25,656.12 1 1
dungeoneer/levels/generate64.go:658.3,662.33 5 1
dungeoneer/levels/generate64.go:662.33,663.12 1 1
dungeoneer/levels/generate64.go:665.3,667.25 3 1
dungeoneer/levels/generate64.go:667.25,669.27 2 1
dungeoneer/levels/generate64.go:669.27,671.10 2 0
dungeoneer/levels/generate64.go:674.3,674.9 1 1
dungeoneer/levels/generate64.go:674.9,676.4 1 1
dungeoneer/levels/generate64.go:679.2,680.51 2 1
dungeoneer/levels/generate64.go:680.51,685.25 5 1
dungeoneer/levels/generate64.go:685.25,687.27 2 1
dungeoneer/levels/generate64.go:687.27,689.10 2 1
dungeoneer/levels/generate64.go:692.3,692.9 1 1
dungeoneer/levels/generate64.go:692.9,694.4 1 1
dungeoneer/levels/generate64.go:695.3,695.13 1 1
dungeoneer/levels/generate64.go:697.2,697.31 1 1
dungeoneer/levels/generate64.go:697.31,698.40 1 0
dungeoneer/levels/generate64.go:698.40,698.75 1 0
dungeoneer/levels/generate64.go:699.3,699.29 1 0
dungeoneer/levels/generate64.go:701.2,701.12 1 1
dungeoneer/levels/generate64.go:706.85,709.28 3 1
dungeoneer/levels/generate64.go:709.28,714.17 5 1
dungeoneer/levels/generate64.go:714.17,716.4 1 0
dungeoneer/levels/generate64.go:717.3,717.17 1 1
dungeoneer/levels/generate64.go:717.17,719.4 1 0
dungeoneer/levels/generate64.go:720.3,720.24 1 1
dungeoneer/levels/generate64.go:720.24,722.4 1 0
dungeoneer/levels/generate64.go:723.3,723.24 1 1
dungeoneer/levels/generate64.go:723.24,725.4 1 0
dungeoneer/levels/generate64.go:726.3,729.31 4 1
dungeoneer/levels/generate64.go:729.31,730.32 1 1
dungeoneer/levels/generate64.go:730.32,732.75 2 1
dungeoneer/levels/generate64.go:732.75,734.6 1 1
dungeoneer/levels/generate64.go:738.2,738.14 1 1
dungeoneer/levels/generate64.go:741.50,744.25 3 1
dungeoneer/levels/generate64.go:744.25,747.26 3 1
dungeoneer/levels/generate64.go:747.26,748.14 1 1
dungeoneer/levels/generate64.go:748.14,749.13 1 1
dungeoneer/levels/generate64.go:751.4,753.45 3 1
dungeoneer/levels/generate64.go:755.3,755.39 1 1
dungeoneer/levels/generate64.go:755.39,755.69 1 1
dungeoneer/levels/generate64.go:756.3,756.42 1 1
dungeoneer/levels/generate64.go:756.42,758.13 2 1
dungeoneer/levels/generate64.go:758.13,760.5 1 1
dungeoneer/levels/generate64.go:761.4,761.30 1 1
dungeoneer/levels/generate64.go:764.2,765.19 2 1
dungeoneer/levels/generate64.go:765.19,767.3 1 1
dungeoneer/levels/generate64.go:768.2,768.11 1 1
dungeoneer/levels/generate64.go:771.88,773.12 2 1
dungeoneer/levels/generate64.go:773.12,775.3 1 0
dungeoneer/levels/generate64.go:776.2,779.37 4 1
dungeoneer/levels/generate64.go:779.37,781.26 2 1
dungeoneer/levels/generate64.go:781.26,782.14 1 1
dungeoneer/levels/generate64.go:782.14,783.13 1 1
dungeoneer/levels/generate64.go:785.4,785.27 1 1
dungeoneer/levels/generate64.go:785.27,786.14 1 1
dungeoneer/levels/generate64.go:786.14,787.14 1 1
dungeoneer/levels/generate64.go:789.5,792.18 4 1
dungeoneer/levels/generate64.go:792.18,794.6 1 1
dungeoneer/levels/generate64.go:797.3,798.19 2 1
dungeoneer/levels/generate64.go:800.2,801.27 2 1
dungeoneer/levels/generate64.go:801.27,803.12 2 1
dungeoneer/levels/generate64.go:803.12,805.4 1 1
dungeoneer/levels/generate64.go:806.3,806.36 1 1
dungeoneer/levels/generate64.go:808.2,809.26 2 1
dungeoneer/levels/generate64.go:809.26,811.12 2 1
dungeoneer/levels/generate64.go:811.12,813.4 1 0
dungeoneer/levels/generate64.go:814.3,814.41 1 1
dungeoneer/levels/generate64.go:814.41,816.4 1 1
dungeoneer/levels/generate64.go:818.2,818.34 1 1
dungeoneer/levels/generate64.go:818.34,823.3 4 0
dungeoneer/levels/generate64.go:824.2,824.15 1 1
dungeoneer/levels/generate64.go:827.30,828.12 1 1
dungeoneer/levels/generate64.go:828.12,830.3 1 1
dungeoneer/levels/generate64.go:831.2,831.14 1 0
dungeoneer/levels/generate64.go:834.49,836.23 2 1
dungeoneer/levels/generate64.go:836.23,844.104 7 1
dungeoneer/levels/generate64.go:844.104,846.4 1 1
dungeoneer/levels/generate64.go:846.9,848.4 1 0
dungeoneer/levels/generate64.go:852.73,853.16 1 1
dungeoneer/levels/generate64.go:853.16,858.3 4 1
dungeoneer/levels/generate64.go:859.2,861.28 3 0
dungeoneer/levels/generate64.go:864.71,866.16 2 1
dungeoneer/levels/generate64.go:866.16,870.3 3 1
dungeoneer/levels/generate64.go:871.2,873.14 3 1
dungeoneer/levels/generate64.go:876.60,878.14 2 1
dungeoneer/levels/generate64.go:878.14,879.14 1 1
dungeoneer/levels/generate64.go:879.14,881.4 1 1
dungeoneer/levels/generate64.go:882.3,882.29 1 1
dungeoneer/levels/generate64.go:882.29,883.67 1 1
dungeoneer/levels/generate64.go:883.67,884.28 1 1
dungeoneer/levels/generate64.go:884.28,886.6 1 0
dungeoneer/levels/generate64.go:889.3,889.15 1 1
dungeoneer/levels/generate64.go:891.2,891.14 1 1
dungeoneer/levels/generate64.go:891.14,892.14 1 1
dungeoneer/levels/generate64.go:892.14,894.4 1 1
dungeoneer/levels/generate64.go:895.3,895.29 1 1
dungeoneer/levels/generate64.go:895.29,896.67 1 1
dungeoneer/levels/generate64.go:896.67,897.28 1 1
dungeoneer/levels/generate64.go:897.28,899.6 1 0
dungeoneer/levels/generate64.go:903.2,903.14 1 1
dungeoneer/levels/generate64.go:906.63,907.14 1 1
dungeoneer/levels/generate64.go:907.14,908.14 1 1
dungeoneer/levels/generate64.go:908.14,910.4 1 1
dungeoneer/levels/generate64.go:911.3,911.29 1 1
dungeoneer/levels/generate64.go:911.29,912.38 1 1
dungeoneer/levels/generate64.go:912.38,914.49 2 1
dungeoneer/levels/generate64.go:914.49,916.31 2 1
dungeoneer/levels/generate64.go:916.31,918.7 1 1
dungeoneer/levels/generate64.go:922.8,922.21 1 1
dungeoneer/levels/generate64.go:922.21,923.14 1 1
dungeoneer/levels/generate64.go:923.14,925.4 1 1
dungeoneer/levels/generate64.go:926.3,926.29 1 1
dungeoneer/levels/generate64.go:926.29,927.38 1 1
dungeoneer/levels/generate64.go:927.38,929.49 2 1
dungeoneer/levels/generate64.go:929.49,931.31 2 1
dungeoneer/levels/generate64.go:931.31,933.7 1 1
dungeoneer/levels/generate64.go:940.55,942.54 2 0
dungeoneer/levels/generate64.go:942.54,944.3 1 0
dungeoneer/levels/generate64.go:945.2,946.55 2 0
dungeoneer/levels/generate64.go:946.55,948.3 1 0
dungeoneer/levels/generate64.go:949.2,950.54 2 0
dungeoneer/levels/generate64.go:950.54,952.3 1 0
dungeoneer/levels/generate64.go:953.2,954.55 2 0
dungeoneer/levels/generate64.go:954.55,956.3 1 0
dungeoneer/levels/generate64.go:957.2,957.29 1 0
dungeoneer/levels/generate64.go:960.36,962.29 2 0
dungeoneer/levels/generate64.go:962.29,963.30 1 0
dungeoneer/levels/generate64.go:963.30,964.33 1 0
dungeoneer/levels/generate64.go:964.33,965.13 1 0
dungeoneer/levels/generate64.go:967.4,968.19 2 0
dungeoneer/levels/generate64.go:968.19,969.36 1 0
dungeoneer/levels/generate64.go:969.36,971.14 2 0
dungeoneer/levels/generate64.go:973.5,973.36 1 0
dungeoneer/levels/generate64.go:973.36,975.14 2 0
dungeoneer/levels/generate64.go:978.4,978.19 1 0
dungeoneer/levels/generate64.go:978.19,979.36 1 0
dungeoneer/levels/generate64.go:979.36,981.14 2 0
dungeoneer/levels/generate64.go:983.5,983.36 1 0
dungeoneer/levels/generate64.go:983.36,985.14 2 0
dungeoneer/levels/generate64.go:992.44,995.35 2 1
dungeoneer/levels/generate64.go:995.35,997.28 2 1
dungeoneer/levels/generate64.go:997.28,998.40 1 1
dungeoneer/levels/generate64.go:998.40,1000.5 1 1
dungeoneer/levels/generate64.go:1000.10,1001.22 1 1
dungeoneer/levels/generate64.go:1001.22,1002.38 1 1
dungeoneer/levels/generate64.go:1002.38,1003.44 1 1
dungeoneer/levels/generate64.go:1003.44,1005.8 1 1
dungeoneer/levels/generate64.go:1008.5,1008.12 1 1
dungeoneer/levels/generate64.go:1011.3,1011.20 1 1
dungeoneer/levels/generate64.go:1011.20,1012.40 1 0
dungeoneer/levels/generate64.go:1012.40,1013.42 1 0
dungeoneer/levels/generate64.go:1013.42,1015.6 1 0
dungeoneer/levels/generate64.go:1020.2,1020.35 1 1
dungeoneer/levels/generate64.go:1020.35,1022.28 2 1
dungeoneer/levels/generate64.go:1022.28,1023.41 1 1
dungeoneer/levels/generate64.go:1023.41,1025.5 1 1
dungeoneer/levels/generate64.go:1025.10,1026.22 1 1
dungeoneer/levels/generate64.go:1026.22,1027.38 1 1
dungeoneer/levels/generate64.go:1027.38,1028.44 1 1
dungeoneer/levels/generate64.go:1028.44,1030.8 1 1
dungeoneer/levels/generate64.go:1033.5,1033.12 1 1
dungeoneer/levels/generate64.go:1036.3,1036.20 1 1
dungeoneer/levels/generate64.go:1036.20,1037.40 1 0
dungeoneer/levels/generate64.go:1037.40,1038.42 1 0
dungeoneer/levels/generate64.go:1038.42,1040.6 1 0
dungeoneer/levels/generate64.go:1046.61,1047.44 1 1
dungeoneer/levels/generate64.go:1047.44,1049.3 1 0
dungeoneer/levels/generate64.go:1050.2,1050.31 1 1
dungeoneer/levels/generate64.go:1050.31,1052.3 1 1
dungeoneer/levels/generate64.go:1053.2,1053.11 1 1
dungeoneer/levels/generate64.go:1053.11,1054.40 1 1
dungeoneer/levels/generate64.go:1054.40,1056.57 2 1
dungeoneer/levels/generate64.go:1056.57,1058.5 1 0
dungeoneer/levels/generate64.go:1060.8,1061.40 1 1
dungeoneer/levels/generate64.go:1061.40,1063.57 2 1
dungeoneer/levels/generate64.go:1063.57,1065.5 1 0
dungeoneer/levels/generate64.go:1068.2,1068.13 1 1
dungeoneer/levels/generate64.go:1072.65,1076.24 3 1
dungeoneer/levels/generate64.go:1076.24,1078.3 1 0
dungeoneer/levels/generate64.go:1079.2,1079.30 1 1
dungeoneer/levels/generate64.go:1079.30,1082.17 2 1
dungeoneer/levels/generate64.go:1082.17,1084.4 1 0
dungeoneer/levels/generate64.go:1087.2,1089.25 3 1
dungeoneer/levels/generate64.go:1089.25,1091.3 1 1
dungeoneer/levels/generate64.go:1092.2,1094.29 2 1
dungeoneer/levels/generate64.go:1094.29,1095.30 1 1
dungeoneer/levels/generate64.go:1095.30,1097.60 2 1
dungeoneer/levels/generate64.go:1097.60,1098.13 1 1
dungeoneer/levels/generate64.go:1101.4,1107.10 6 0
dungeoneer/levels/generate64.go:1107.10,1109.5 1 0
dungeoneer/levels/generate64.go:1110.4,1110.12 1 0
dungeoneer/levels/generate64.go:1110.12,1112.5 1 0
dungeoneer/levels/generate64.go:1113.4,1113.12 1 0
dungeoneer/levels/generate64.go:1113.12,1115.5 1 0
dungeoneer/levels/generate64.go:1116.4,1116.13 1 0
dungeoneer/levels/generate64.go:1116.13,1118.5 1 0
dungeoneer/levels/generate64.go:1119.4,1119.30 1 0
dungeoneer/levels/generate64.go:1119.30,1120.13 1 0
dungeoneer/levels/generate64.go:1123.4,1125.37 3 0
dungeoneer/levels/generate64.go:1125.37,1129.5 3 0
dungeoneer/levels/generate64.go:1129.10,1129.44 1 0
dungeoneer/levels/generate64.go:1129.44,1133.5 3 0
dungeoneer/levels/generate64.go:1133.10,1134.13 1 0
dungeoneer/levels/generate64.go:1137.4,1138.66 2 0
dungeoneer/levels/generate64.go:1138.66,1139.13 1 0
dungeoneer/levels/generate64.go:1142.4,1142.74 1 0
dungeoneer/levels/generate64.go:1147.40,1149.2 1 1
dungeoneer/levels/generate64.go:1151.34,1152.26 1 1
dungeoneer/levels/generate64.go:1152.26,1154.3 1 0
dungeoneer/levels/generate64.go:1155.2,1155.27 1 1
dungeoneer/levels/generate64.go:1155.27,1158.3 2 1
dungeoneer/levels/generate64.go:1159.2,1159.27 1 1
dungeoneer/levels/generate64.go:1159.27,1162.3 2 1
dungeoneer/levels/generate64.go:1165.39,1167.23 2 1
dungeoneer/levels/generate64.go:1167.23,1169.3 1 1
dungeoneer/levels/generate64.go:1170.2,1170.27 1 1
dungeoneer/levels/generate64.go:1170.27,1171.28 1 1
dungeoneer/levels/generate64.go:1171.28,1172.32 1 1
dungeoneer/levels/generate64.go:1172.32,1173.13 1 1
dungeoneer/levels/generate64.go:1175.4,1175.36 1 1
dungeoneer/levels/generate64.go:1175.36,1177.5 1 1
dungeoneer/levels/generate64.go:1180.2,1180.14 1 1
dungeoneer/levels/generate64.go:1183.51,1184.68 1 1
dungeoneer/levels/generate64.go:1184.68,1186.49 2 1
dungeoneer/levels/generate64.go:1186.49,1187.12 1 1
dungeoneer/levels/generate64.go:1189.3,1189.33 1 1
dungeoneer/levels/generate64.go:1189.33,1191.4 1 1
dungeoneer/levels/generate64.go:1193.2,1193.14 1 1
dungeoneer/levels/generate64.go:1196.60,1199.27 3 1
dungeoneer/levels/generate64.go:1199.27,1202.28 3 1
dungeoneer/levels/generate64.go:1202.28,1203.33 1 1
dungeoneer/levels/generate64.go:1203.33,1204.13 1 1
dungeoneer/levels/generate64.go:1206.4,1207.70 2 1
dungeoneer/levels/generate64.go:1207.70,1209.51 2 1
dungeoneer/levels/generate64.go:1209.51,1210.14 1 0
dungeoneer/levels/generate64.go:1212.5,1212.35 1 1
dungeoneer/levels/generate64.go:1212.35,1214.6 1 1
dungeoneer/levels/generate64.go:1216.4,1216.14 1 1
dungeoneer/levels/generate64.go:1216.14,1218.5 1 1
dungeoneer/levels/generate64.go:1219.4,1219.14 1 1
dungeoneer/levels/generate64.go:1219.14,1221.5 1 1
dungeoneer/levels/generate64.go:1224.2,1224.31 1 1
dungeoneer/levels/generate64.go:1227.81,1229.22 2 1
dungeoneer/levels/generate64.go:1229.22,1231.26 2 1
dungeoneer/levels/generate64.go:1231.26,1233.4 1 1
dungeoneer/levels/generate64.go:1235.2,1236.27 2 1
dungeoneer/levels/generate64.go:1236.27,1237.28 1 1
dungeoneer/levels/generate64.go:1237.28,1238.27 1 1
dungeoneer/levels/generate64.go:1238.27,1239.13 1 1
dungeoneer/levels/generate64.go:1241.4,1241.70 1 1
dungeoneer/levels/generate64.go:1241.70,1243.51 2 1
dungeoneer/levels/generate64.go:1243.51,1244.14 1 0
dungeoneer/levels/generate64.go:1246.5,1246.25 1 1
dungeoneer/levels/generate64.go:1246.25,1249.11 3 1
dungeoneer/levels/generate64.go:1254.2,1254.21 1 1
dungeoneer/levels/generate64.go:1254.21,1257.69 3 1
dungeoneer/levels/generate64.go:1257.69,1259.50 2 1
dungeoneer/levels/generate64.go:1259.50,1260.13 1 0
dungeoneer/levels/generate64.go:1262.4,1262.50 1 1
dungeoneer/levels/generate64.go:1262.50,1263.13 1 1
dungeoneer/levels/generate64.go:1265.4,1266.52 2 1
dungeoneer/levels/generate64.go:1269.2,1269.13 1 1
dungeoneer/levels/generate64.go:1272.47,1273.68 1 1
dungeoneer/levels/generate64.go:1273.68,1275.49 2 1
dungeoneer/levels/generate64.go:1275.49,1276.12 1 0
dungeoneer/levels/generate64.go:1278.3,1278.44 1 1
dungeoneer/levels/generate64.go:1278.44,1280.4 1 0
dungeoneer/levels/generate64.go:1282.2,1282.14 1 1
dungeoneer/levels/generate64.go:1285.59,1286.36 1 1
dungeoneer/levels/generate64.go:1286.36,1287.37 1 1
dungeoneer/levels/generate64.go:1287.37,1288.30 1 1
dungeoneer/levels/generate64.go:1288.30,1289.13 1 1
dungeoneer/levels/generate64.go:1291.4,1292.50 2 1
dungeoneer/levels/generate64.go:1292.50,1293.13 1 0
dungeoneer/levels/generate64.go:1295.4,1295.45 1 1
dungeoneer/levels/generate64.go:1295.45,1297.5 1 0
dungeoneer/levels/generate64.go:1300.2,1300.14 1 1
dungeoneer/levels/generate64.go:1303.90,1306.38 3 1
dungeoneer/levels/generate64.go:1306.38,1307.42 1 1
dungeoneer/levels/generate64.go:1307.42,1309.15 2 1
dungeoneer/levels/generate64.go:1309.15,1310.13 1 1
dungeoneer/levels/generate64.go:1312.4,1313.17 2 1
dungeoneer/levels/generate64.go:1316.2,1317.36 2 1
dungeoneer/levels/generate64.go:1317.36,1318.16 1 1
dungeoneer/levels/generate64.go:1318.16,1319.12 1 0
dungeoneer/levels/generate64.go:1321.3,1321.70 1 1
dungeoneer/levels/generate64.go:1323.2,1323.18 1 1
dungeoneer/levels/generate64.go:1326.47,1328.22 2 1
dungeoneer/levels/generate64.go:1328.22,1331.3 2 1
dungeoneer/levels/generate64.go:1331.8,1334.3 2 1
dungeoneer/levels/generate64.go:1335.2,1335.14 1 1
dungeoneer/levels/generate64.go:1338.47,1339.44 1 1
dungeoneer/levels/generate64.go:1339.44,1341.3 1 0
dungeoneer/levels/generate64.go:1342.2,1342.31 1 1
dungeoneer/levels/generate64.go:1342.31,1344.3 1 1
dungeoneer/levels/generate64.go:1345.2,1345.10 1 1
dungeoneer/levels/generate64.go:1348.101,1350.15 2 1
dungeoneer/levels/generate64.go:1350.15,1352.14 2 1
dungeoneer/levels/generate64.go:1352.14,1355.4 2 1
dungeoneer/levels/generate64.go:1357.2,1357.15 1 1
dungeoneer/levels/generate64.go:1357.15,1359.14 2 1
dungeoneer/levels/generate64.go:1359.14,1362.4 2 1
dungeoneer/levels/generate64.go:1364.2,1364.19 1 1
dungeoneer/levels/generate64.go:1364.19,1366.3 1 0
dungeoneer/levels/generate64.go:1367.2,1367.13 1 1
dungeoneer/levels/generate64.go:1370.60,1372.33 2 1
dungeoneer/levels/generate64.go:1372.33,1374.3 1 0
dungeoneer/levels/generate64.go:1376.2,1381.24 5 1
dungeoneer/levels/generate64.go:1381.24,1383.3 1 1
dungeoneer/levels/generate64.go:1384.2,1384.30 1 1
dungeoneer/levels/generate64.go:1384.30,1386.17 2 0
dungeoneer/levels/generate64.go:1386.17,1388.4 1 0
dungeoneer/levels/generate64.go:1391.2,1394.21 4 1
dungeoneer/levels/generate64.go:1394.21,1396.3 1 0
dungeoneer/levels/generate64.go:1397.2,1397.20 1 1
dungeoneer/levels/generate64.go:1397.20,1399.3 1 0
dungeoneer/levels/generate64.go:1401.2,1425.38 13 1
dungeoneer/levels/generate64.go:1425.38,1426.29 1 1
dungeoneer/levels/generate64.go:1426.29,1428.12 2 1
dungeoneer/levels/generate64.go:1430.3,1432.16 3 1
dungeoneer/levels/generate64.go:1432.16,1435.4 2 1
dungeoneer/levels/generate64.go:1435.9,1438.4 2 1
dungeoneer/levels/generate64.go:1439.3,1441.31 3 1
dungeoneer/levels/generate64.go:1441.31,1443.12 2 0
dungeoneer/levels/generate64.go:1445.3,1446.15 2 1
dungeoneer/levels/generate64.go:1446.15,1448.4 1 0
dungeoneer/levels/generate64.go:1449.3,1458.5 4 1
dungeoneer/levels/generate64.go:1461.2,1462.33 2 1
dungeoneer/levels/generate64.go:1462.33,1464.33 2 1
dungeoneer/levels/generate64.go:1464.33,1465.33 1 1
dungeoneer/levels/generate64.go:1465.33,1467.13 2 1
dungeoneer/levels/generate64.go:1469.4,1469.34 1 1
dungeoneer/levels/generate64.go:1469.34,1470.40 1 1
dungeoneer/levels/generate64.go:1470.40,1472.14 2 0
dungeoneer/levels/generate64.go:1474.5,1474.44 1 1
dungeoneer/levels/generate64.go:1474.44,1476.14 2 0
dungeoneer/levels/generate64.go:1478.5,1478.40 1 1
dungeoneer/levels/generate64.go:1478.40,1480.14 2 0
dungeoneer/levels/generate64.go:1482.5,1482.41 1 1
dungeoneer/levels/generate64.go:1482.41,1483.102 1 1
dungeoneer/levels/generate64.go:1483.102,1485.7 1 0
dungeoneer/levels/generate64.go:1489.3,1489.37 1 1
dungeoneer/levels/generate64.go:1492.2,1493.41 2 1
dungeoneer/levels/generate64.go:1493.41,1496.15 3 1
dungeoneer/levels/generate64.go:1496.15,1498.4 1 1
dungeoneer/levels/generate64.go:1499.3,1499.33 1 1
dungeoneer/levels/generate64.go:1499.33,1501.4 1 1
dungeoneer/levels/generate64.go:1502.3,1502.35 1 1
dungeoneer/levels/generate64.go:1505.2,1508.27 3 1
dungeoneer/levels/generate64.go:1508.27,1509.35 1 1
dungeoneer/levels/generate64.go:1509.35,1510.12 1 0
dungeoneer/levels/generate64.go:1512.3,1512.91 1 1
dungeoneer/levels/generate64.go:1512.91,1513.12 1 0
dungeoneer/levels/generate64.go:1515.3,1516.29 2 1
dungeoneer/levels/generate64.go:1516.29,1518.4 1 1
dungeoneer/levels/generate64.go:1519.3,1519.34 1 1
dungeoneer/levels/generate64.go:1519.34,1520.12 1 1
dungeoneer/levels/generate64.go:1522.3,1523.16 2 1
dungeoneer/levels/generate64.go:1523.16,1525.4 1 1
dungeoneer/levels/generate64.go:1526.3,1526.16 1 1
dungeoneer/levels/generate64.go:1526.16,1528.19 2 1
dungeoneer/levels/generate64.go:1528.19,1530.32 2 1
dungeoneer/levels/generate64.go:1530.32,1531.22 1 1
dungeoneer/levels/generate64.go:1531.22,1533.12 2 0
dungeoneer/levels/generate64.go:1536.5,1536.13 1 1
dungeoneer/levels/generate64.go:1536.13,1538.6 1 1
dungeoneer/levels/generate64.go:1541.3,1541.26 1 1
dungeoneer/levels/generate64.go:1541.26,1543.31 2 1
dungeoneer/levels/generate64.go:1543.31,1544.58 1 1
dungeoneer/levels/generate64.go:1544.58,1546.11 2 1
dungeoneer/levels/generate64.go:1549.4,1549.15 1 1
dungeoneer/levels/generate64.go:1549.15,1550.13 1 1
dungeoneer/levels/generate64.go:1553.3,1555.30 3 1
dungeoneer/levels/generate64.go:1555.30,1556.15 1 1
dungeoneer/levels/generate64.go:1556.15,1558.5 1 1
dungeoneer/levels/generate64.go:1563.122,1565.47 2 1
dungeoneer/levels/generate64.go:1565.47,1567.3 1 0
dungeoneer/levels/generate64.go:1569.2,1571.25 3 1
dungeoneer/levels/generate64.go:1571.25,1574.3 2 1
dungeoneer/levels/generate64.go:1574.8,1577.3 2 1
dungeoneer/levels/generate64.go:1578.2,1578.20 1 1
dungeoneer/levels/generate64.go:1578.20,1580.3 1 1
dungeoneer/levels/generate64.go:1582.2,1585.12 4 1
dungeoneer/levels/generate64.go:1585.12,1587.3 1 1
dungeoneer/levels/generate64.go:1587.8,1589.3 1 1
dungeoneer/levels/generate64.go:1590.2,1591.76 2 1
dungeoneer/levels/generate64.go:1594.115,1598.38 4 1
dungeoneer/levels/generate64.go:1598.38,1602.31 4 1
dungeoneer/levels/generate64.go:1602.31,1604.4 1 1
dungeoneer/levels/generate64.go:1605.3,1605.69 1 1
dungeoneer/levels/generate64.go:1605.69,1607.36 2 1
dungeoneer/levels/generate64.go:1607.36,1608.13 1 0
dungeoneer/levels/generate64.go:1610.4,1610.56 1 1
dungeoneer/levels/generate64.go:1610.56,1611.13 1 1
dungeoneer/levels/generate64.go:1613.4,1613.35 1 1
dungeoneer/levels/generate64.go:1613.35,1614.13 1 0
dungeoneer/levels/generate64.go:1616.4,1617.46 2 1
dungeoneer/levels/generate64.go:1620.2,1620.14 1 0
dungeoneer/levels/generate64.go:1631.59,1633.17 2 1
dungeoneer/levels/generate64.go:1633.17,1635.3 1 0
dungeoneer/levels/generate64.go:1638.2,1638.32 1 1
dungeoneer/levels/generate64.go:1638.32,1640.3 1 0
dungeoneer/levels/generate64.go:1643.2,1653.25 2 1
dungeoneer/levels/generate64.go:1653.25,1659.65 3 1
dungeoneer/levels/generate64.go:1659.65,1660.12 1 0
dungeoneer/levels/generate64.go:1662.3,1662.65 1 1
dungeoneer/levels/generate64.go:1662.65,1663.12 1 0
dungeoneer/levels/generate64.go:1666.3,1669.35 3 1
dungeoneer/levels/generate64.go:1669.35,1670.12 1 0
dungeoneer/levels/generate64.go:1674.3,1674.45 1 1
dungeoneer/levels/generate64.go:1674.45,1675.12 1 0
dungeoneer/levels/generate64.go:1679.3,1681.31 3 1
dungeoneer/levels/generate64.go:1681.31,1683.50 2 1
dungeoneer/levels/generate64.go:1683.50,1685.64 2 1
dungeoneer/levels/generate64.go:1685.64,1687.6 1 1
dungeoneer/levels/generate64.go:1691.3,1691.24 1 1
dungeoneer/levels/generate64.go:1691.24,1692.12 1 0
dungeoneer/levels/generate64.go:1702.3,1702.24 1 1
dungeoneer/levels/generate64.go:1705.2,1705.18 1 0
dungeoneer/levels/generate64.go:1709.139,1711.17 2 1
dungeoneer/levels/generate64.go:1711.17,1713.3 1 0
dungeoneer/levels/generate64.go:1715.2,1715.20 1 1
dungeoneer/levels/generate64.go:1715.20,1717.3 1 0
dungeoneer/levels/generate64.go:1718.2,1718.20 1 1
dungeoneer/levels/generate64.go:1718.20,1720.3 1 0
dungeoneer/levels/generate64.go:1721.2,1727.25 4 1
dungeoneer/levels/generate64.go:1727.25,1728.13 1 0
dungeoneer/levels/generate64.go:1728.13,1732.4 3 0
dungeoneer/levels/generate64.go:1732.9,1736.4 3 0
dungeoneer/levels/generate64.go:1737.8,1738.13 1 1
dungeoneer/levels/generate64.go:1738.13,1742.4 3 1
dungeoneer/levels/generate64.go:1742.9,1746.4 3 0
dungeoneer/levels/generate64.go:1750.2,1755.25 4 1
dungeoneer/levels/generate64.go:1758.82,1760.26 2 1
dungeoneer/levels/generate64.go:1760.26,1763.35 3 1
dungeoneer/levels/generate64.go:1763.35,1767.16 4 1
dungeoneer/levels/generate64.go:1768.11,1770.20 2 1
dungeoneer/levels/generate64.go:1771.11,1773.20 2 1
dungeoneer/levels/generate64.go:1774.11,1776.12 2 1
dungeoneer/levels/generate64.go:1777.11,1779.22 2 1
dungeoneer/levels/generate64.go:1781.4,1784.45 4 1
dungeoneer/levels/generate64.go:1784.45,1787.51 3 1
dungeoneer/levels/generate64.go:1787.51,1788.11 1 1
dungeoneer/levels/generate64.go:1790.5,1790.35 1 1
dungeoneer/levels/generate64.go:1790.35,1791.41 1 1
dungeoneer/levels/generate64.go:1791.41,1795.7 3 1
dungeoneer/levels/generate64.go:1796.6,1796.11 1 1
dungeoneer/levels/generate64.go:1799.4,1799.13 1 1
dungeoneer/levels/generate64.go:1799.13,1800.10 1 1
dungeoneer/levels/generate64.go:1803.3,1803.18 1 1
dungeoneer/levels/generate64.go:1803.18,1807.4 3 1
dungeoneer/levels/generate64.go:1811.56,1814.13 3 1
dungeoneer/levels/generate64.go:1814.13,1816.3 1 1
dungeoneer/levels/generate64.go:1817.2,1819.13 3 1
dungeoneer/levels/generate64.go:1819.13,1821.3 1 1
dungeoneer/levels/generate64.go:1822.2,1824.6 3 1
dungeoneer/levels/generate64.go:1824.6,1825.44 1 1
dungeoneer/levels/generate64.go:1825.44,1827.4 1 1
dungeoneer/levels/generate64.go:1828.3,1829.27 2 1
dungeoneer/levels/generate64.go:1829.27,1830.9 1 1
dungeoneer/levels/generate64.go:1832.3,1833.15 2 1
dungeoneer/levels/generate64.go:1833.15,1836.4 2 1
dungeoneer/levels/generate64.go:1837.3,1837.15 1 1
dungeoneer/levels/generate64.go:1837.15,1840.4 2 1
dungeoneer/levels/generate64.go:1842.2,1842.13 1 1
dungeoneer/levels/generate64.go:1845.42,1848.14 3 1
dungeoneer/levels/generate64.go:1848.14,1850.30 2 1
dungeoneer/levels/generate64.go:1850.30,1851.31 1 1
dungeoneer/levels/generate64.go:1851.31,1853.58 2 1
dungeoneer/levels/generate64.go:1853.58,1854.14 1 1
dungeoneer/levels/generate64.go:1856.5,1857.28 2 1
dungeoneer/levels/generate64.go:1857.28,1858.42 1 1
dungeoneer/levels/generate64.go:1858.42,1860.7 1 1
dungeoneer/levels/generate64.go:1862.5,1862.17 1 1
dungeoneer/levels/generate64.go:1862.17,1865.6 2 0
dungeoneer/levels/generate64.go:1871.35,1874.100 1 1
dungeoneer/levels/generate64.go:1874.100,1878.23 4 1
dungeoneer/levels/generate64.go:1878.23,1879.24 1 1
dungeoneer/levels/generate64.go:1879.24,1881.17 2 1
dungeoneer/levels/generate64.go:1881.17,1883.6 1 1
dungeoneer/levels/generate64.go:1886.3,1887.42 2 1
dungeoneer/levels/generate64.go:1891.48,1893.25 2 1
dungeoneer/levels/generate64.go:1893.25,1895.3 1 1
dungeoneer/levels/generate64.go:1896.2,1898.27 3 1
dungeoneer/levels/generate64.go:1898.27,1899.28 1 1
dungeoneer/levels/generate64.go:1899.28,1901.50 1 1
dungeoneer/levels/generate64.go:1901.50,1902.13 1 1
dungeoneer/levels/generate64.go:1904.4,1907.23 4 1
dungeoneer/levels/generate64.go:1907.23,1911.28 4 1
dungeoneer/levels/generate64.go:1911.28,1913.102 2 1
dungeoneer/levels/generate64.go:1913.102,1916.7 2 1
dungeoneer/levels/generate64.go:1919.4,1919.31 1 1
dungeoneer/levels/generate64.go:1922.2,1922.14 1 1
dungeoneer/levels/generate64.go:1927.59,1929.25 2 1
dungeoneer/levels/generate64.go:1929.25,1931.3 1 1
dungeoneer/levels/generate64.go:1932.2,1934.27 3 1
dungeoneer/levels/generate64.go:1934.27,1935.28 1 1
dungeoneer/levels/generate64.go:1935.28,1939.37 3 1
dungeoneer/levels/generate64.go:1939.37,1940.13 1 1
dungeoneer/levels/generate64.go:1942.4,1945.23 4 1
dungeoneer/levels/generate64.go:1945.23,1949.28 4 1
dungeoneer/levels/generate64.go:1949.28,1951.72 2 1
dungeoneer/levels/generate64.go:1951.72,1954.22 3 1
dungeoneer/levels/generate64.go:1954.22,1957.8 2 1
dungeoneer/levels/generate64.go:1961.4,1961.31 1 1
dungeoneer/levels/generate64.go:1964.2,1964.14 1 1
dungeoneer/levels/generate64.go:1967.21,1968.11 1 1
dungeoneer/levels/generate64.go:1968.11,1970.3 1 1
dungeoneer/levels/generate64.go:1971.2,1971.10 1 1
dungeoneer/levels/generate64.go:1974.40,1976.2 1 1
dungeoneer/levels/generate64.go:1978.31,1979.12 1 1
dungeoneer/levels/generate64.go:1979.12,1981.3 1 1
dungeoneer/levels/generate64.go:1982.2,1982.12 1 1
dungeoneer/levels/generate64.go:1982.12,1984.3 1 1
dungeoneer/levels/generate64.go:1985.2,1985.10 1 1
dungeoneer/levels/generate64.go:1988.22,1989.11 1 0
dungeoneer/levels/generate64.go:1989.11,1991.3 1 0
dungeoneer/levels/generate64.go:1992.2,1992.11 1 0
dungeoneer/levels/generate64.go:1992.11,1994.3 1 0
dungeoneer/levels/generate64.go:1995.2,1995.10 1 0
dungeoneer/levels/generate64.go:1998.57,2001.23 3 1
dungeoneer/levels/generate64.go:2001.23,2002.13 1 1
dungeoneer/levels/generate64.go:2002.13,2004.4 1 1
dungeoneer/levels/generate64.go:2005.3,2005.59 1 1
dungeoneer/levels/generate64.go:2007.2,2007.12 1 1
dungeoneer/levels/generate64.go:2007.12,2009.3 1 1
dungeoneer/levels/generate64.go:2010.2,2010.58 1 1
dungeoneer/levels/generate64.go:2013.49,2015.29 1 1
dungeoneer/levels/generate64.go:2015.29,2020.3 3 1
dungeoneer/levels/generate64.go:2020.8,2024.3 3 1
dungeoneer/levels/generate64.go:2027.41,2028.34 1 1
dungeoneer/levels/generate64.go:2028.34,2029.35 1 1
dungeoneer/levels/generate64.go:2029.35,2031.68 2 1
dungeoneer/levels/generate64.go:2031.68,2033.30 2 1
dungeoneer/levels/generate64.go:2033.30,2035.6 1 1
dungeoneer/levels/layered.go:27.46,28.73 1 1
dungeoneer/levels/layered.go:28.73,30.3 1 1
dungeoneer/levels/layered.go:31.2,31.34 1 1
dungeoneer/levels/layered.go:35.63,36.42 1 1
dungeoneer/levels/layered.go:36.42,38.3 1 1
dungeoneer/levels/layered.go:39.2,41.18 3 1
dungeoneer/levels/layered.go:41.18,43.3 1 1
dungeoneer/levels/layered.go:46.2,46.76 1 1
dungeoneer/levels/layered.go:46.77,48.3 0 1
dungeoneer/levels/layered.go:52.49,54.2 1 1
dungeoneer/levels/layered.go:57.44,58.27 1 1
dungeoneer/levels/layered.go:58.27,60.3 1 1
dungeoneer/levels/layered.go:61.2,61.34 1 1
dungeoneer/levels/layered.go:65.43,66.38 1 1
dungeoneer/levels/layered.go:66.38,68.3 1 1
dungeoneer/levels/layered.go:69.2,70.38 2 1
dungeoneer/levels/layered.go:70.38,72.3 1 1
dungeoneer/levels/level.go:66.42,68.2 1 1
dungeoneer/levels/level.go:71.41,72.27 1 1
dungeoneer/levels/level.go:72.27,73.15 1 1
dungeoneer/levels/level.go:73.15,75.4 1 1
dungeoneer/levels/level.go:77.2,77.14 1 1
dungeoneer/levels/level.go:81.36,82.20 1 1
dungeoneer/levels/level.go:82.20,84.3 1 1
dungeoneer/levels/level.go:88.37,89.27 1 1
dungeoneer/levels/level.go:89.27,90.12 1 1
dungeoneer/levels/level.go:91.64,92.12 1 1
dungeoneer/levels/level.go:93.11,94.12 1 1
dungeoneer/levels/level.go:97.2,97.18 1 0
dungeoneer/levels/level.go:101.52,103.23 2 1
dungeoneer/levels/level.go:103.23,104.27 1 1
dungeoneer/levels/level.go:104.27,106.4 1 1
dungeoneer/levels/level.go:108.2,108.12 1 1
dungeoneer/levels/level.go:112.42,114.15 2 1
dungeoneer/levels/level.go:114.15,116.3 1 1
dungeoneer/levels/level.go:117.2,117.16 1 1
dungeoneer/levels/level.go:117.16,119.3 1 1
dungeoneer/levels/level.go:120.2,120.18 1 1
dungeoneer/levels/level.go:135.40,136.25 1 1
dungeoneer/levels/level.go:136.25,137.32 1 1
dungeoneer/levels/level.go:137.32,139.4 1 1
dungeoneer/levels/level.go:141.2,141.12 1 1
dungeoneer/levels/level.go:145.37,154.25 2 1
dungeoneer/levels/level.go:154.25,156.26 2 1
dungeoneer/levels/level.go:156.26,158.4 1 1
dungeoneer/levels/level.go:159.3,159.19 1 1
dungeoneer/levels/level.go:161.2,161.10 1 1
dungeoneer/levels/level.go:165.43,167.2 1 1
dungeoneer/levels/level.go:170.58,171.44 1 1
dungeoneer/levels/level.go:171.44,173.78 2 1
dungeoneer/levels/level.go:173.78,175.4 1 1
dungeoneer/levels/level.go:180.44,181.44 1 1
dungeoneer/levels/level.go:181.44,183.3 1 1
dungeoneer/levels/level.go:184.2,184.12 1 0
dungeoneer/levels/level.go:188.44,190.2 1 1
dungeoneer/levels/level.go:193.40,205.16 3 1
dungeoneer/levels/level.go:205.16,207.3 1 0
dungeoneer/levels/level.go:210.2,211.27 2 1
dungeoneer/levels/level.go:211.27,213.28 2 1
dungeoneer/levels/level.go:213.28,217.11 4 1
dungeoneer/levels/level.go:218.36,220.25 2 1
dungeoneer/levels/level.go:221.19,223.25 2 1
dungeoneer/levels/level.go:224.19,226.25 2 1
dungeoneer/levels/level.go:227.19,230.25 3 1
dungeoneer/levels/level.go:231.19,233.24 2 1
dungeoneer/levels/level.go:234.18,236.25 2 0
dungeoneer/levels/level.go:237.17,239.25 2 0
dungeoneer/levels/level.go:240.12,242.24 2 1
dungeoneer/levels/level.go:244.4,244.21 1 1
dungeoneer/levels/level.go:248.2,248.15 1 1
dungeoneer/levels/level.go:251.37,254.16 2 1
dungeoneer/levels/level.go:254.16,256.3 1 0
dungeoneer/levels/level.go:257.2,266.17 3 1
dungeoneer/levels/level.go:269.39,281.16 3 1
dungeoneer/levels/level.go:281.16,283.3 1 0
dungeoneer/levels/level.go:286.2,287.27 2 1
dungeoneer/levels/level.go:287.27,289.28 2 1
dungeoneer/levels/level.go:289.28,293.11 4 1
dungeoneer/levels/level.go:294.36,296.25 2 1
dungeoneer/levels/level.go:297.19,299.25 2 1
dungeoneer/levels/level.go:300.19,302.25 2 1
dungeoneer/levels/level.go:303.19,306.25 3 1
dungeoneer/levels/level.go:307.19,309.24 2 1
dungeoneer/levels/level.go:310.12,312.24 2 1
dungeoneer/levels/level.go:314.4,314.21 1 1
dungeoneer/levels/level.go:318.2,318.15 1 1
dungeoneer/levels/level.go:321.42,322.44 1 1
dungeoneer/levels/level.go:322.44,324.3 1 1
dungeoneer/levels/level.go:325.2,326.14 2 1
dungeoneer/levels/level.go:326.14,328.3 1 0
dungeoneer/levels/level.go:330.2,330.71 1 1
dungeoneer/levels/level.go:330.71,332.3 1 0
dungeoneer/levels/level.go:333.2,333.21 1 1
dungeoneer/levels/level.go:339.42,340.44 1 1
dungeoneer/levels/level.go:340.44,342.3 1 0
dungeoneer/levels/level.go:343.2,344.14 2 1
dungeoneer/levels/level.go:344.14,346.3 1 0
dungeoneer/levels/level.go:347.2,347.29 1 1
dungeoneer/levels/level.go:347.29,349.3 1 1
dungeoneer/levels/level.go:350.2,350.21 1 1
dungeoneer/levels/level.go:353.103,355.39 2 1
dungeoneer/levels/level.go:355.39,357.3 1 0
dungeoneer/levels/level.go:359.2,360.50 2 1
dungeoneer/levels/level.go:360.50,362.3 1 0
dungeoneer/levels/level.go:364.2,364.43 1 1
dungeoneer/levels/level.go:368.87,379.30 3 1
dungeoneer/levels/level.go:379.30,381.30 2 1
dungeoneer/levels/level.go:381.30,385.37 2 1
dungeoneer/levels/level.go:385.37,388.5 2 1
dungeoneer/levels/level.go:388.10,390.5 1 1
dungeoneer/levels/level.go:391.4,391.14 1 1
dungeoneer/levels/level.go:393.3,393.19 1 1
dungeoneer/levels/level.go:396.2,396.10 1 1
dungeoneer/levels/level.go:400.106,410.30 3 1
dungeoneer/levels/level.go:410.30,412.30 2 1
dungeoneer/levels/level.go:412.30,414.37 2 1
dungeoneer/levels/level.go:414.37,416.5 1 1
dungeoneer/levels/level.go:416.10,418.5 1 1
dungeoneer/levels/level.go:419.4,419.14 1 1
dungeoneer/levels/level.go:421.3,421.19 1 1
dungeoneer/levels/level.go:423.2,423.10 1 1
dungeoneer/levels/maze.go:19.67,20.15 1 1
dungeoneer/levels/maze.go:20.15,23.17 3 0
dungeoneer/levels/maze.go:23.17,25.4 1 0
dungeoneer/levels/maze.go:28.2,32.16 3 1
dungeoneer/levels/maze.go:32.16,34.3 1 0
dungeoneer/levels/maze.go:35.2,35.21 1 1
dungeoneer/levels/maze.go:35.21,37.3 1 0
dungeoneer/levels/maze.go:38.2,41.26 3 1
dungeoneer/levels/maze.go:42.17,43.57 1 1
dungeoneer/levels/maze.go:44.10,45.60 1 1
dungeoneer/levels/maze.go:48.2,51.10 4 1
dungeoneer/levels/maze.go:57.56,58.17 1 1
dungeoneer/levels/maze.go:59.15,60.25 1 1
dungeoneer/levels/maze.go:61.15,64.11 3 1
dungeoneer/levels/maze.go:65.19,66.29 1 1
dungeoneer/levels/maze.go:67.10,68.24 1 1
dungeoneer/levels/maze.go:73.34,76.22 3 1
dungeoneer/levels/maze.go:76.22,79.26 3 1
dungeoneer/levels/maze.go:79.26,81.4 1 1
dungeoneer/levels/maze.go:84.2,85.34 2 1
dungeoneer/levels/maze.go:85.34,87.3 1 0
dungeoneer/levels/maze.go:88.2,93.23 5 1
dungeoneer/levels/maze.go:93.23,95.26 2 1
dungeoneer/levels/maze.go:95.26,97.48 2 1
dungeoneer/levels/maze.go:97.48,98.13 1 1
dungeoneer/levels/maze.go:100.4,100.24 1 1
dungeoneer/levels/maze.go:100.24,102.5 1 1
dungeoneer/levels/maze.go:106.2,107.24 2 1
dungeoneer/levels/maze.go:107.24,111.30 4 1
dungeoneer/levels/maze.go:111.30,112.12 1 1
dungeoneer/levels/maze.go:114.3,118.12 5 1
dungeoneer/levels/maze.go:121.2,122.21 2 1
dungeoneer/levels/maze.go:122.21,125.3 2 1
dungeoneer/levels/maze.go:126.2,126.12 1 1
dungeoneer/levels/maze.go:130.27,132.12 2 1
dungeoneer/levels/maze.go:132.12,134.3 1 0
dungeoneer/levels/maze.go:135.2,137.27 3 1
dungeoneer/levels/maze.go:137.27,138.28 1 1
dungeoneer/levels/maze.go:138.28,139.15 1 1
dungeoneer/levels/maze.go:139.15,140.13 1 1
dungeoneer/levels/maze.go:142.4,144.27 3 1
dungeoneer/levels/maze.go:144.27,146.47 2 1
dungeoneer/levels/maze.go:146.47,147.14 1 0
dungeoneer/levels/maze.go:149.5,149.18 1 1
dungeoneer/levels/maze.go:149.18,151.6 1 1
dungeoneer/levels/maze.go:151.11,153.6 1 1
dungeoneer/levels/maze.go:155.4,155.58 1 1
dungeoneer/levels/maze.go:155.58,158.5 2 1
dungeoneer/levels/maze.go:164.39,166.22 2 1
dungeoneer/levels/maze.go:166.22,168.26 2 1
dungeoneer/levels/maze.go:168.26,170.4 1 1
dungeoneer/levels/maze.go:172.2,172.20 1 1
dungeoneer/levels/maze.go:172.20,174.3 1 0
dungeoneer/levels/maze.go:175.2,177.14 3 1
dungeoneer/levels/maze.go:177.14,178.12 1 1
dungeoneer/levels/maze.go:178.12,179.29 1 1
dungeoneer/levels/maze.go:179.29,181.5 1 1
dungeoneer/levels/maze.go:182.4,182.17 1 1
dungeoneer/levels/maze.go:182.17,184.5 1 1
dungeoneer/levels/maze.go:185.9,186.31 1 1
dungeoneer/levels/maze.go:186.31,188.5 1 1
dungeoneer/levels/maze.go:189.4,189.17 1 1
dungeoneer/levels/maze.go:189.17,191.5 1 1
dungeoneer/levels/maze.go:193.3,194.9 2 1
dungeoneer/levels/maze.go:196.2,196.13 1 1
dungeoneer/levels/maze.go:200.35,202.22 2 1
dungeoneer/levels/maze.go:202.22,204.26 2 1
dungeoneer/levels/maze.go:204.26,206.4 1 1
dungeoneer/levels/maze.go:209.2,211.28 3 1
dungeoneer/levels/maze.go:211.28,213.29 1 1
dungeoneer/levels/maze.go:213.29,214.20 1 1
dungeoneer/levels/maze.go:214.20,217.5 2 1
dungeoneer/levels/maze.go:220.3,220.31 1 1
dungeoneer/levels/maze.go:220.31,221.49 1 1
dungeoneer/levels/maze.go:221.49,224.25 3 1
dungeoneer/levels/maze.go:224.25,225.24 1 1
dungeoneer/levels/maze.go:225.24,227.7 1 1
dungeoneer/levels/maze.go:232.3,234.13 3 1
dungeoneer/levels/maze.go:234.13,237.34 3 1
dungeoneer/levels/maze.go:237.34,240.5 2 1
dungeoneer/levels/maze.go:241.4,242.44 2 1
dungeoneer/levels/maze.go:242.44,242.87 1 1
dungeoneer/levels/maze.go:243.4,243.31 1 1
dungeoneer/levels/maze.go:243.31,245.16 2 1
dungeoneer/levels/maze.go:245.16,248.6 2 1
dungeoneer/levels/maze.go:251.3,251.14 1 1
dungeoneer/levels/maze.go:251.14,253.4 1 1
dungeoneer/levels/maze.go:255.2,255.13 1 1
dungeoneer/levels/maze.go:259.53,261.22 2 1
dungeoneer/levels/maze.go:261.22,263.26 2 1
dungeoneer/levels/maze.go:263.26,265.4 1 1
dungeoneer/levels/maze.go:268.2,268.25 1 1
dungeoneer/levels/maze.go:268.25,271.3 2 1
dungeoneer/levels/maze.go:272.2,272.25 1 1
dungeoneer/levels/maze.go:272.25,275.3 2 1
dungeoneer/levels/maze.go:277.2,278.56 2 1
dungeoneer/levels/maze.go:278.56,283.32 1 1
dungeoneer/levels/maze.go:283.32,285.4 1 1
dungeoneer/levels/maze.go:286.3,286.15 1 1
dungeoneer/levels/maze.go:286.15,289.34 3 1
dungeoneer/levels/maze.go:289.34,291.5 1 1
dungeoneer/levels/maze.go:292.4,294.52 3 1
dungeoneer/levels/maze.go:295.9,298.33 3 1
dungeoneer/levels/maze.go:298.33,300.5 1 1
dungeoneer/levels/maze.go:301.4,303.52 3 1
dungeoneer/levels/maze.go:306.2,307.13 2 1
dungeoneer/levels/maze.go:311.46,313.12 2 1
dungeoneer/levels/maze.go:313.12,315.3 1 0
dungeoneer/levels/maze.go:316.2,317.16 2 1
dungeoneer/levels/maze.go:318.17,319.28 1 1
dungeoneer/levels/maze.go:319.28,320.29 1 1
dungeoneer/levels/maze.go:320.29,321.41 1 1
dungeoneer/levels/maze.go:321.41,323.6 1 1
dungeoneer/levels/maze.go:326.13,327.31 1 0
dungeoneer/levels/maze.go:327.31,328.32 1 0
dungeoneer/levels/maze.go:328.32,329.49 1 0
dungeoneer/levels/maze.go:329.49,331.6 1 0
dungeoneer/levels/maze.go:334.15,335.28 1 0
dungeoneer/levels/maze.go:335.28,336.29 1 0
dungeoneer/levels/maze.go:336.29,337.40 1 0
dungeoneer/levels/maze.go:337.40,339.6 1 0
dungeoneer/levels/maze.go:346.34,348.12 2 1
dungeoneer/levels/maze.go:348.12,350.3 1 0
dungeoneer/levels/maze.go:351.2,352.20 2 1
dungeoneer/levels/maze.go:352.20,354.3 1 0
dungeoneer/levels/maze.go:355.2,356.21 2 1
dungeoneer/levels/maze.go:360.75,362.12 2 1
dungeoneer/levels/maze.go:362.12,364.3 1 0
dungeoneer/levels/maze.go:365.2,366.16 2 1
dungeoneer/levels/maze.go:366.16,368.3 1 0
dungeoneer/levels/maze.go:369.2,369.36 1 1
dungeoneer/levels/maze.go:369.36,370.37 1 1
dungeoneer/levels/maze.go:370.37,371.15 1 1
dungeoneer/levels/maze.go:371.15,374.5 2 1
dungeoneer/levels/pathutil.go:7.101,9.25 2 1
dungeoneer/levels/pathutil.go:9.25,11.29 2 1
dungeoneer/levels/pathutil.go:11.29,13.4 1 1
dungeoneer/levels/pathutil.go:16.2,21.21 5 1
dungeoneer/levels/pathutil.go:21.21,25.15 4 1
dungeoneer/levels/pathutil.go:25.15,28.4 2 1
dungeoneer/levels/pathutil.go:29.3,29.28 1 1
dungeoneer/levels/pathutil.go:29.28,31.50 2 1
dungeoneer/levels/pathutil.go:31.50,32.13 1 0
dungeoneer/levels/pathutil.go:34.4,34.49 1 1
dungeoneer/levels/pathutil.go:34.49,35.13 1 1
dungeoneer/levels/pathutil.go:37.4,38.42 2 1
dungeoneer/levels/pathutil.go:41.2,41.8 1 1
dungeoneer/levels/pathutil.go:46.83,48.22 2 1
dungeoneer/levels/pathutil.go:48.22,50.26 2 1
dungeoneer/levels/pathutil.go:50.26,52.4 1 1
dungeoneer/levels/pathutil.go:54.2,57.21 4 1
dungeoneer/levels/pathutil.go:57.21,61.28 4 1
dungeoneer/levels/pathutil.go:61.28,63.50 2 1
dungeoneer/levels/pathutil.go:63.50,64.13 1 0
dungeoneer/levels/pathutil.go:66.4,66.46 1 1
dungeoneer/levels/pathutil.go:66.46,67.13 1 1
dungeoneer/levels/pathutil.go:69.4,70.42 2 1
dungeoneer/levels/pathutil.go:73.2,73.13 1 1
dungeoneer/levels/pathutil.go:77.69,79.42 2 1
dungeoneer/levels/pathutil.go:79.42,80.41 1 1
dungeoneer/levels/pathutil.go:80.41,81.42 1 1
dungeoneer/levels/pathutil.go:81.42,82.71 1 1
dungeoneer/levels/pathutil.go:82.71,83.14 1 0
dungeoneer/levels/pathutil.go:85.5,86.23 2 1
dungeoneer/levels/pathutil.go:86.23,88.6 1 1
dungeoneer/levels/pathutil.go:92.2,92.15 1 0
dungeoneer/levels/pathutil.go:106.68,115.27 4 1
dungeoneer/levels/pathutil.go:115.27,116.51 1 0
dungeoneer/levels/pathutil.go:116.51,118.4 1 0
dungeoneer/levels/pathutil.go:122.2,128.49 3 1
dungeoneer/levels/pathutil.go:128.49,131.28 3 1
dungeoneer/levels/pathutil.go:131.28,132.29 1 1
dungeoneer/levels/pathutil.go:132.29,134.14 2 1
dungeoneer/levels/pathutil.go:134.14,135.14 1 1
dungeoneer/levels/pathutil.go:138.5,138.28 1 1
dungeoneer/levels/pathutil.go:138.28,139.14 1 0
dungeoneer/levels/pathutil.go:141.5,143.25 3 1
dungeoneer/levels/pathutil.go:143.25,144.14 1 1
dungeoneer/levels/pathutil.go:146.5,147.21 2 1
dungeoneer/levels/pathutil.go:147.21,150.6 2 1
dungeoneer/levels/pathutil.go:153.3,153.22 1 1
dungeoneer/levels/pathutil.go:157.2,158.19 2 1
dungeoneer/levels/pathutil.go:158.19,161.3 1 1
dungeoneer/levels/pathutil.go:162.2,162.29 1 1
dungeoneer/levels/pathutil.go:167.66,170.2 2 1
dungeoneer/levels/pathutil.go:174.42,176.2 1 1
dungeoneer/levels/room_tagger.go:8.75,9.23 1 1
dungeoneer/levels/room_tagger.go:9.23,11.3 1 0
dungeoneer/levels/room_tagger.go:14.2,14.25 1 1
dungeoneer/levels/room_tagger.go:14.25,16.3 1 1
dungeoneer/levels/room_tagger.go:19.2,21.22 3 1
dungeoneer/levels/room_tagger.go:21.22,24.3 2 1
dungeoneer/levels/room_tagger.go:25.2,25.21 1 1
dungeoneer/levels/room_tagger.go:25.21,27.3 1 1
dungeoneer/levels/room_tagger.go:30.2,33.25 2 1
dungeoneer/levels/room_tagger.go:33.25,35.46 2 1
dungeoneer/levels/room_tagger.go:35.46,36.12 1 1
dungeoneer/levels/room_tagger.go:38.3,39.13 2 1
dungeoneer/levels/room_tagger.go:39.13,42.4 2 1
dungeoneer/levels/room_tagger.go:42.9,42.20 1 1
dungeoneer/levels/room_tagger.go:42.20,44.4 1 1
dungeoneer/levels/room_tagger.go:48.2,48.15 1 1
dungeoneer/levels/room_tagger.go:48.15,50.18 2 1
dungeoneer/levels/room_tagger.go:50.18,54.4 3 1
dungeoneer/levels/room_tagger.go:59.2,65.25 3 1
dungeoneer/levels/room_tagger.go:65.25,67.87 2 1
dungeoneer/levels/room_tagger.go:67.87,69.4 1 0
dungeoneer/levels/room_tagger.go:76.43,78.25 2 1
dungeoneer/levels/room_tagger.go:78.25,82.34 3 1
dungeoneer/levels/room_tagger.go:82.34,83.35 1 1
dungeoneer/levels/room_tagger.go:83.35,84.65 1 1
dungeoneer/levels/room_tagger.go:84.65,85.14 1 1
dungeoneer/levels/room_tagger.go:87.5,87.51 1 1
dungeoneer/levels/room_tagger.go:87.51,88.14 1 0
dungeoneer/levels/room_tagger.go:91.5,91.66 1 1
dungeoneer/levels/room_tagger.go:91.66,93.28 2 1
dungeoneer/levels/room_tagger.go:93.28,94.15 1 1
dungeoneer/levels/room_tagger.go:96.6,96.52 1 1
dungeoneer/levels/room_tagger.go:96.52,97.15 1 0
dungeoneer/levels/room_tagger.go:99.6,99.54 1 1
dungeoneer/levels/room_tagger.go:99.54,101.7 1 1
dungeoneer/levels/room_tagger.go:105.3,105.25 1 1
dungeoneer/levels/room_tagger.go:107.2,107.14 1 1
dungeoneer/levels/room_tagger.go:111.57,113.25 2 1
dungeoneer/levels/room_tagger.go:113.25,114.15 1 1
dungeoneer/levels/room_tagger.go:114.15,116.4 1 1
dungeoneer/levels/room_tagger.go:118.2,120.25 3 1
dungeoneer/levels/room_tagger.go:120.25,122.23 2 1
dungeoneer/levels/room_tagger.go:122.23,123.12 1 1
dungeoneer/levels/room_tagger.go:125.3,126.22 2 1
dungeoneer/levels/room_tagger.go:126.22,129.4 2 1
dungeoneer/levels/room_tagger.go:131.2,131.13 1 1
dungeoneer/levels/room_tagger.go:136.50,141.25 4 1
dungeoneer/levels/room_tagger.go:141.25,145.60 3 1
dungeoneer/levels/room_tagger.go:145.60,146.12 1 1
dungeoneer/levels/room_tagger.go:149.3,149.26 1 1
dungeoneer/levels/room_tagger.go:149.26,150.12 1 1
dungeoneer/levels/room_tagger.go:152.3,160.47 5 1
dungeoneer/levels/room_tagger.go:160.47,164.4 3 1
dungeoneer/levels/room_tagger.go:167.2,167.17 1 1
dungeoneer/levels/room_tagger.go:167.17,173.3 4 1
dungeoneer/levels/room_tagger.go:177.44,179.25 2 1
dungeoneer/levels/room_tagger.go:179.25,180.15 1 1
dungeoneer/levels/room_tagger.go:180.15,182.4 1 1
dungeoneer/levels/room_tagger.go:185.2,189.25 3 1
dungeoneer/levels/room_tagger.go:189.25,190.27 1 1
dungeoneer/levels/room_tagger.go:190.27,191.9 1 0
dungeoneer/levels/room_tagger.go:193.3,194.23 2 1
dungeoneer/levels/room_tagger.go:194.23,195.12 1 1
dungeoneer/levels/room_tagger.go:197.3,198.42 2 1
dungeoneer/levels/room_tagger.go:198.42,199.12 1 1
dungeoneer/levels/room_tagger.go:201.3,201.28 1 1
dungeoneer/levels/room_tagger.go:201.28,202.12 1 0
dungeoneer/levels/room_tagger.go:204.3,209.10 6 1
dungeoneer/levels/room_tagger.go:213.2,213.25 1 1
dungeoneer/levels/room_tagger.go:213.25,214.27 1 1
dungeoneer/levels/room_tagger.go:214.27,215.9 1 0
dungeoneer/levels/room_tagger.go:217.3,218.23 2 1
dungeoneer/levels/room_tagger.go:218.23,219.12 1 1
dungeoneer/levels/room_tagger.go:221.3,222.22 2 1
dungeoneer/levels/room_tagger.go:222.22,223.12 1 1
dungeoneer/levels/room_tagger.go:225.3,225.26 1 0
dungeoneer/levels/room_tagger.go:225.26,226.12 1 0
dungeoneer/levels/room_tagger.go:228.3,233.10 6 0
dungeoneer/levels/room_tagger.go:238.48,240.25 2 1
dungeoneer/levels/room_tagger.go:240.25,241.12 1 1
dungeoneer/levels/room_tagger.go:242.64,243.24 1 1
dungeoneer/levels/room_tagger.go:246.2,246.12 1 1
dungeoneer/levels/throats.go:24.80,32.32 2 1
dungeoneer/levels/throats.go:32.32,34.3 1 1
dungeoneer/levels/throats.go:35.2,35.26 1 1
dungeoneer/levels/throats.go:35.26,37.3 1 0
dungeoneer/levels/throats.go:39.2,41.27 3 1
dungeoneer/levels/throats.go:41.27,44.28 3 1
dungeoneer/levels/throats.go:44.28,45.33 1 1
dungeoneer/levels/throats.go:45.33,46.13 1 1
dungeoneer/levels/throats.go:48.4,49.14 2 1
dungeoneer/levels/throats.go:49.14,51.5 1 1
dungeoneer/levels/throats.go:52.4,52.14 1 1
dungeoneer/levels/throats.go:52.14,54.5 1 1
dungeoneer/levels/throats.go:58.2,61.27 4 1
dungeoneer/levels/throats.go:61.27,62.28 1 1
dungeoneer/levels/throats.go:62.28,63.49 1 1
dungeoneer/levels/throats.go:63.49,66.13 3 1
dungeoneer/levels/throats.go:68.4,68.57 1 1
dungeoneer/levels/throats.go:68.57,71.5 2 1
dungeoneer/levels/throats.go:74.2,76.29 2 1
dungeoneer/levels/throats.go:76.29,77.30 1 1
dungeoneer/levels/throats.go:77.30,78.33 1 1
dungeoneer/levels/throats.go:78.33,79.13 1 1
dungeoneer/levels/throats.go:81.4,81.35 1 1
dungeoneer/levels/throats.go:81.35,83.13 2 1
dungeoneer/levels/throats.go:85.4,94.25 9 1
dungeoneer/levels/throats.go:94.25,95.13 1 1
dungeoneer/levels/throats.go:97.4,97.22 1 1
dungeoneer/levels/throats.go:97.22,99.13 2 1
dungeoneer/levels/throats.go:101.4,101.13 1 1
dungeoneer/levels/throats.go:101.13,105.5 3 1
dungeoneer/levels/throats.go:105.10,105.20 1 1
dungeoneer/levels/throats.go:105.20,109.5 3 1
dungeoneer/levels/throats.go:109.10,111.13 2 0
dungeoneer/levels/throats.go:114.4,114.22 1 1
dungeoneer/levels/throats.go:114.22,116.13 2 0
dungeoneer/levels/throats.go:119.4,121.43 3 1
dungeoneer/levels/throats.go:121.43,123.13 2 0
dungeoneer/levels/throats.go:125.4,125.43 1 1
dungeoneer/levels/throats.go:125.43,127.13 2 0
dungeoneer/levels/throats.go:130.4,132.15 3 1
dungeoneer/levels/throats.go:132.15,134.5 1 1
dungeoneer/levels/throats.go:134.10,136.5 1 1
dungeoneer/levels/throats.go:137.4,137.15 1 1
dungeoneer/levels/throats.go:137.15,139.5 1 1
dungeoneer/levels/throats.go:139.10,141.5 1 1
dungeoneer/levels/throats.go:142.4,142.26 1 1
dungeoneer/levels/throats.go:142.26,144.13 2 0
dungeoneer/levels/throats.go:146.4,146.15 1 1
dungeoneer/levels/throats.go:146.15,147.32 1 1
dungeoneer/levels/throats.go:147.32,149.14 2 1
dungeoneer/levels/throats.go:151.10,152.36 1 1
dungeoneer/levels/throats.go:152.36,154.14 2 1
dungeoneer/levels/throats.go:157.4,157.15 1 1
dungeoneer/levels/throats.go:157.15,158.32 1 1
dungeoneer/levels/throats.go:158.32,160.14 2 1
dungeoneer/levels/throats.go:162.10,163.36 1 1
dungeoneer/levels/throats.go:163.36,165.14 2 1
dungeoneer/levels/throats.go:168.4,168.28 1 1
dungeoneer/levels/throats.go:168.28,170.13 2 1
dungeoneer/levels/throats.go:172.4,172.38 1 1
dungeoneer/levels/throats.go:172.38,174.13 2 1
dungeoneer/levels/throats.go:176.4,176.53 1 1
dungeoneer/levels/throats.go:176.53,178.13 2 0
dungeoneer/levels/throats.go:181.4,192.6 2 1
dungeoneer/levels/throats.go:196.2,196.13 1 1
dungeoneer/levels/throats.go:199.48,201.68 2 1
dungeoneer/levels/throats.go:201.68,203.49 2 1
dungeoneer/levels/throats.go:203.49,204.12 1 0
dungeoneer/levels/throats.go:206.3,206.33 1 1
dungeoneer/levels/throats.go:206.33,208.4 1 1
dungeoneer/levels/throats.go:210.2,210.14 1 1
dungeoneer/levels/throats.go:213.50,215.2 1 1
dungeoneer/levels/throats.go:217.78,219.27 2 1
dungeoneer/levels/throats.go:219.27,221.3 1 1
dungeoneer/levels/throats.go:222.2,224.27 3 1
dungeoneer/levels/throats.go:224.27,225.28 1 1
dungeoneer/levels/throats.go:225.28,226.43 1 1
dungeoneer/levels/throats.go:226.43,227.13 1 1
dungeoneer/levels/throats.go:229.4,233.23 5 1
dungeoneer/levels/throats.go:233.23,237.71 4 1
dungeoneer/levels/throats.go:237.71,239.52 2 1
dungeoneer/levels/throats.go:239.52,240.15 1 0
dungeoneer/levels/throats.go:242.6,242.49 1 1
dungeoneer/levels/throats.go:242.49,243.15 1 1
dungeoneer/levels/throats.go:245.6,246.54 2 1
dungeoneer/levels/throats.go:249.4,249.30 1 1
dungeoneer/levels/throats.go:252.2,252.39 1 1
dungeoneer/levels/throats.go:255.76,259.27 4 1
dungeoneer/levels/throats.go:259.27,260.28 1 1
dungeoneer/levels/throats.go:260.28,261.57 1 1
dungeoneer/levels/throats.go:261.57,262.13 1 1
dungeoneer/levels/throats.go:264.4,269.23 6 1
dungeoneer/levels/throats.go:269.23,273.44 4 1
dungeoneer/levels/throats.go:273.44,275.6 1 1
dungeoneer/levels/throats.go:276.5,276.71 1 1
dungeoneer/levels/throats.go:276.71,278.52 2 1
dungeoneer/levels/throats.go:278.52,279.15 1 0
dungeoneer/levels/throats.go:281.6,281.63 1 1
dungeoneer/levels/throats.go:281.63,282.15 1 1
dungeoneer/levels/throats.go:284.6,285.54 2 1
dungeoneer/levels/throats.go:288.4,289.39 2 1
dungeoneer/levels/throats.go:292.2,292.37 1 1
dungeoneer/levels/throats.go:295.62,298.27 3 1
dungeoneer/levels/throats.go:298.27,301.3 2 1
dungeoneer/levels/throats.go:302.2,302.27 1 1
dungeoneer/levels/throats.go:302.27,303.28 1 1
dungeoneer/levels/throats.go:303.28,304.44 1 1
dungeoneer/levels/throats.go:304.44,305.13 1 1
dungeoneer/levels/throats.go:307.4,310.23 4 1
dungeoneer/levels/throats.go:310.23,313.26 3 1
dungeoneer/levels/throats.go:313.26,314.14 1 0
dungeoneer/levels/throats.go:316.5,320.71 4 1
dungeoneer/levels/throats.go:320.71,322.52 2 1
dungeoneer/levels/throats.go:322.52,323.15 1 0
dungeoneer/levels/throats.go:325.6,325.30 1 1
dungeoneer/levels/throats.go:325.30,327.27 2 1
dungeoneer/levels/throats.go:327.27,329.8 1 1
dungeoneer/levels/throats.go:332.5,332.17 1 1
dungeoneer/levels/throats.go:332.17,334.6 1 1
dungeoneer/levels/throats.go:336.4,336.22 1 1
dungeoneer/levels/throats.go:336.22,337.33 1 0
dungeoneer/levels/throats.go:337.33,339.6 1 0
dungeoneer/levels/throats.go:343.2,343.17 1 1
dungeoneer/levels/throats.go:346.94,347.16 1 1
dungeoneer/levels/throats.go:347.16,349.3 1 0
dungeoneer/levels/throats.go:350.2,351.25 2 1
dungeoneer/levels/throats.go:351.25,353.3 1 1
dungeoneer/levels/throats.go:354.2,357.38 4 1
dungeoneer/levels/throats.go:357.38,361.41 4 1
dungeoneer/levels/throats.go:361.41,363.4 1 0
dungeoneer/levels/throats.go:364.3,364.69 1 1
dungeoneer/levels/throats.go:364.69,366.36 2 1
dungeoneer/levels/throats.go:366.36,367.13 1 1
dungeoneer/levels/throats.go:369.4,369.50 1 1
dungeoneer/levels/throats.go:369.50,370.13 1 0
dungeoneer/levels/throats.go:372.4,372.54 1 1
dungeoneer/levels/throats.go:372.54,373.13 1 1
dungeoneer/levels/throats.go:375.4,376.52 2 1
dungeoneer/levels/throats.go:379.2,379.14 1 1
