mode: set
dungeoneer/sprites/spritesheet.go:234.58,236.16 2 1
dungeoneer/sprites/spritesheet.go:236.16,238.3 1 0
dungeoneer/sprites/spritesheet.go:246.2,246.43 1 1
dungeoneer/sprites/spritesheet.go:246.43,248.3 1 1
dungeoneer/sprites/spritesheet.go:252.2,461.15 186 1
dungeoneer/sprites/walls.spritesheet.go:46.49,47.16 1 1
dungeoneer/sprites/walls.spritesheet.go:48.15,49.26 1 1
dungeoneer/sprites/walls.spritesheet.go:50.16,51.27 1 1
dungeoneer/sprites/walls.spritesheet.go:52.16,53.27 1 1
dungeoneer/sprites/walls.spritesheet.go:54.16,55.27 1 1
dungeoneer/sprites/walls.spritesheet.go:56.16,57.27 1 1
dungeoneer/sprites/walls.spritesheet.go:58.16,59.27 1 1
dungeoneer/sprites/walls.spritesheet.go:60.16,61.27 1 1
dungeoneer/sprites/walls.spritesheet.go:62.18,63.29 1 1
dungeoneer/sprites/walls.spritesheet.go:64.17,65.28 1 1
dungeoneer/sprites/walls.spritesheet.go:66.15,67.26 1 1
dungeoneer/sprites/walls.spritesheet.go:68.17,69.28 1 1
dungeoneer/sprites/walls.spritesheet.go:70.16,71.27 1 1
dungeoneer/sprites/walls.spritesheet.go:72.14,73.25 1 1
dungeoneer/sprites/walls.spritesheet.go:74.14,75.25 1 1
dungeoneer/sprites/walls.spritesheet.go:76.15,77.26 1 1
dungeoneer/sprites/walls.spritesheet.go:78.14,79.25 1 1
dungeoneer/sprites/walls.spritesheet.go:80.15,81.26 1 1
dungeoneer/sprites/walls.spritesheet.go:82.16,83.27 1 1
dungeoneer/sprites/walls.spritesheet.go:84.17,85.28 1 1
dungeoneer/sprites/walls.spritesheet.go:86.17,87.28 1 1
dungeoneer/sprites/walls.spritesheet.go:88.17,89.28 1 1
dungeoneer/sprites/walls.spritesheet.go:90.17,91.28 1 1
dungeoneer/sprites/walls.spritesheet.go:92.17,93.28 1 1
dungeoneer/sprites/walls.spritesheet.go:94.14,95.25 1 1
dungeoneer/sprites/walls.spritesheet.go:96.16,97.27 1 1
dungeoneer/sprites/walls.spritesheet.go:98.10,99.27 1 1
dungeoneer/sprites/walls.spritesheet.go:105.67,107.16 2 1
dungeoneer/sprites/walls.spritesheet.go:107.16,109.3 1 0
dungeoneer/sprites/walls.spritesheet.go:112.2,112.43 1 1
dungeoneer/sprites/walls.spritesheet.go:112.43,114.3 1 1
dungeoneer/sprites/walls.spritesheet.go:117.2,141.17 23 1
